
> ai-studio-applet@0.1.0 build
> next build

   Ôû▓ Next.js 15.5.12
   - Environments: .env.local

   Creating an optimized production build ...
 Ô£ô Compiled successfully in 4.0s
   Skipping linting
   Checking validity of types ...
   Collecting page data ...
   Generating static pages (0/6) ...
   Generating static pages (1/6) 
   Generating static pages (2/6) 
   Generating static pages (4/6) 
 Ô£ô Generating static pages (6/6)
   Finalizing page optimization ...
   Collecting build traces ...

Route (app)                                 Size  First Load JS
Ôöî Ôùï /                                     103 kB         442 kB
Ôö£ Ôùï /_not-found                          1.01 kB         340 kB
Ôö£ ãÆ /api/diagx/analyze                     133 B         339 kB
Ôö£ ãÆ /api/diagx/capture                     133 B         339 kB
Ôöö ãÆ /api/diagx/whatsapp                    133 B         339 kB
+ First Load JS shared by all             339 kB
  Ôö£ chunks/255-62d5a2d5fae54e9b.js       65.2 kB
  Ôö£ chunks/4bd1b696-21f374d1156f834a.js  54.2 kB
  Ôö£ chunks/ed9f2dc4-88c324d9c5ed2357.js   217 kB
  Ôöö other shared chunks (total)          2.62 kB


Ôùï  (Static)   prerendered as static content
ãÆ  (Dynamic)  server-rendered on demand

